
================================================================================
🧪 Testing Pair Trading Algorithm on Tech Stocks
================================================================================

📊 Configuration:
  Data: data/yahoo_tech_full
  Stocks: 10 tech stocks (AAPL, MSFT, GOOGL, AMZN, META, TSLA, NVDA, AMD, NFLX, INTC)
  Period: 2022-2024 (752 trading days)
  Reference: AAPLUSDT
  Initial Capital: $100,000
  Entry threshold (α1): 0.15
  Exit threshold (α2): 0.08
  Formation period: 30 days
  Trading period: 10 days
  Step size: 5 days
  Expected cycles: ~142 trading cycles

⏳ Running simulation...

Loading data from data/yahoo_tech_full...
Running simulation from 2022-01-03 00:00:00+00:00 to 2024-12-30 00:00:00+00:00
Total data points: 752, Assets: 10
Processing cycle 1...Processing cycle 2...Processing cycle 3...Processing cycle 4...Processing cycle 5...Processing cycle 6...Processing cycle 7...Processing cycle 8...Processing cycle 9...Processing cycle 10...Processing cycle 11...Processing cycle 12...Processing cycle 13...Processing cycle 14...Processing cycle 15...Processing cycle 16...Processing cycle 17...Processing cycle 18...Processing cycle 19...Processing cycle 20...Processing cycle 21...Processing cycle 22...Processing cycle 23...Processing cycle 24...Processing cycle 25...Processing cycle 26...Processing cycle 27...Processing cycle 28...Processing cycle 29...Processing cycle 30...Processing cycle 31...Processing cycle 32...Processing cycle 33...Processing cycle 34...Processing cycle 35...Processing cycle 36...Processing cycle 37...Processing cycle 38...Processing cycle 39...Processing cycle 40...Processing cycle 41...Processing cycle 42...Processing cycle 43...Processing cycle 44...Processing cycle 45...Processing cycle 46...Processing cycle 47...Processing cycle 48...Processing cycle 49...Processing cycle 50...Processing cycle 51...Processing cycle 52...Processing cycle 53...Processing cycle 54...Processing cycle 55...Processing cycle 56...Processing cycle 57...Processing cycle 58...Processing cycle 59...Processing cycle 60...Processing cycle 61...Processing cycle 62...Processing cycle 63...Processing cycle 64...Processing cycle 65...Processing cycle 66...Processing cycle 67...Processing cycle 68...Processing cycle 69...Processing cycle 70...Processing cycle 71...Processing cycle 72...Processing cycle 73...Processing cycle 74...Processing cycle 75...Processing cycle 76...Processing cycle 77...Processing cycle 78...Processing cycle 79...Processing cycle 80...Processing cycle 81...Processing cycle 82...Processing cycle 83...Processing cycle 84...Processing cycle 85...Processing cycle 86...Processing cycle 87...Processing cycle 88...Processing cycle 89...Processing cycle 90...Processing cycle 91...Processing cycle 92...Processing cycle 93...Processing cycle 94...Processing cycle 95...Processing cycle 96...Processing cycle 97...Processing cycle 98...Processing cycle 99...Processing cycle 100...Processing cycle 101...Processing cycle 102...Processing cycle 103...Processing cycle 104...Processing cycle 105...Processing cycle 106...Processing cycle 107...Processing cycle 108...Processing cycle 109...Processing cycle 110...Processing cycle 111...Processing cycle 112...Processing cycle 113...Processing cycle 114...Processing cycle 115...Processing cycle 116...Processing cycle 117...Processing cycle 118...Processing cycle 119...Processing cycle 120...Processing cycle 121...Processing cycle 122...Processing cycle 123...Processing cycle 124...Processing cycle 125...Processing cycle 126...Processing cycle 127...Processing cycle 128...Processing cycle 129...Processing cycle 130...Processing cycle 131...Processing cycle 132...Processing cycle 133...Processing cycle 134...Processing cycle 135...Processing cycle 136...Processing cycle 137...Processing cycle 138...Processing cycle 139...Processing cycle 140...Processing cycle 141...Processing cycle 142...Processing cycle 143...
Completed 143 cycles, 0 trades
Calculating performance metrics...
Text report saved to reports/test_run/report_20260131_120941.txt
JSON report saved to reports/test_run/report_20260131_120941.json
Equity curve CSV saved to reports/test_run/equity_20260131_120941.csv
Cycles CSV saved to reports/test_run/cycles_20260131_120941.csv

Report generated in reports/test_run

================================================================================
✅ Simulation Complete!
================================================================================
⏱️  Execution time: 0.17 seconds
📁 Reports saved to: reports/test_run/

📊 Quick Summary:
--------------------------------------------------------------------------------
  Total Return:                 0.00%
  Sharpe Ratio:                 0.00
  Total Trades:                    0
  Win Rate:                     0.00%
  Profit Factor:                0.00
--------------------------------------------------------------------------------
